---
source: src/lib.rs
expression: "p.a.iter().map(|x| x).collect::<Vec<&f64>>()"
---
- 0.7078268432974726
- -0.24875927787167154
- 0.03971775421403232
- -0.0035106650653714266
- 0.00018008935475770878
- -0.0000052883292269523435
- 0.00000008137166246762725
- -0.0000000004971001717684232

